--------------------------------------------------------------------------------
Release 14.7 Trace  (nt64)
Copyright (c) 1995-2013 Xilinx, Inc.  All rights reserved.

C:\Xilinx\14.7\ISE_DS\ISE\bin\nt64\unwrapped\trce.exe -intstyle ise -o
mojo_top_0.twr -v 30 -l 30 mojo_top_0_routed.ncd mojo_top_0.pcf

Design file:              mojo_top_0_routed.ncd
Physical constraint file: mojo_top_0.pcf
Device,package,speed:     xc6slx9,tqg144,C,-2 (PRODUCTION 1.23 2013-10-13)
Report level:             verbose report, limited to 30 items per constraint

Environment Variable      Effect 
--------------------      ------ 
NONE                      No environment variables were set
--------------------------------------------------------------------------------

INFO:Timing:2698 - No timing constraints found, doing default enumeration.
INFO:Timing:3412 - To improve timing, see the Timing Closure User Guide (UG612).
INFO:Timing:2752 - To get complete path coverage, use the unconstrained paths 
   option. All paths that are not constrained will be reported in the 
   unconstrained paths section(s) of the report.
INFO:Timing:3339 - The clock-to-out numbers in this timing report are based on 
   a 50 Ohm transmission line loading model.  For the details of this model, 
   and for more information on accounting for different loading conditions, 
   please see the device datasheet.



Data Sheet report:
-----------------
All values displayed in nanoseconds (ns)

Pad to Pad
---------------+---------------+---------+
Source Pad     |Destination Pad|  Delay  |
---------------+---------------+---------+
io_dip[0]      |io_led[0]      |   17.442|
io_dip[0]      |io_led[1]      |   17.243|
io_dip[0]      |io_led[2]      |   17.122|
io_dip[0]      |io_led[3]      |   17.169|
io_dip[0]      |io_led[4]      |   17.624|
io_dip[0]      |io_led[5]      |   17.061|
io_dip[0]      |io_led[6]      |   19.056|
io_dip[0]      |io_led[7]      |   17.395|
io_dip[0]      |io_led[8]      |   17.566|
io_dip[0]      |io_led[9]      |   17.849|
io_dip[0]      |io_led[10]     |   17.348|
io_dip[0]      |io_led[11]     |   17.517|
io_dip[0]      |io_led[12]     |   17.503|
io_dip[0]      |io_led[13]     |   17.654|
io_dip[0]      |io_led[14]     |   17.325|
io_dip[0]      |io_led[15]     |   17.163|
io_dip[0]      |io_led[16]     |   14.670|
io_dip[0]      |io_led[17]     |   14.895|
io_dip[0]      |io_led[18]     |   14.916|
io_dip[0]      |io_led[19]     |   15.329|
io_dip[0]      |io_led[20]     |   14.913|
io_dip[0]      |io_led[21]     |   15.096|
io_dip[0]      |io_led[22]     |   15.096|
io_dip[0]      |io_led[23]     |   15.782|
io_dip[1]      |io_led[0]      |   19.203|
io_dip[1]      |io_led[1]      |   19.004|
io_dip[1]      |io_led[2]      |   18.883|
io_dip[1]      |io_led[3]      |   18.930|
io_dip[1]      |io_led[4]      |   19.385|
io_dip[1]      |io_led[5]      |   18.822|
io_dip[1]      |io_led[6]      |   20.817|
io_dip[1]      |io_led[7]      |   19.156|
io_dip[1]      |io_led[8]      |   19.327|
io_dip[1]      |io_led[9]      |   19.610|
io_dip[1]      |io_led[10]     |   19.109|
io_dip[1]      |io_led[11]     |   19.278|
io_dip[1]      |io_led[12]     |   19.264|
io_dip[1]      |io_led[13]     |   19.415|
io_dip[1]      |io_led[14]     |   19.086|
io_dip[1]      |io_led[15]     |   18.924|
io_dip[1]      |io_led[16]     |   14.730|
io_dip[1]      |io_led[17]     |   14.955|
io_dip[1]      |io_led[18]     |   14.976|
io_dip[1]      |io_led[19]     |   15.389|
io_dip[1]      |io_led[20]     |   14.973|
io_dip[1]      |io_led[21]     |   15.156|
io_dip[1]      |io_led[22]     |   15.156|
io_dip[1]      |io_led[23]     |   15.842|
io_dip[2]      |io_led[0]      |   18.816|
io_dip[2]      |io_led[1]      |   18.617|
io_dip[2]      |io_led[2]      |   18.496|
io_dip[2]      |io_led[3]      |   18.543|
io_dip[2]      |io_led[4]      |   18.998|
io_dip[2]      |io_led[5]      |   18.435|
io_dip[2]      |io_led[6]      |   20.430|
io_dip[2]      |io_led[7]      |   18.769|
io_dip[2]      |io_led[8]      |   18.940|
io_dip[2]      |io_led[9]      |   19.223|
io_dip[2]      |io_led[10]     |   18.722|
io_dip[2]      |io_led[11]     |   18.891|
io_dip[2]      |io_led[12]     |   18.877|
io_dip[2]      |io_led[13]     |   19.028|
io_dip[2]      |io_led[14]     |   18.699|
io_dip[2]      |io_led[15]     |   18.537|
io_dip[2]      |io_led[16]     |   14.134|
io_dip[2]      |io_led[17]     |   14.359|
io_dip[2]      |io_led[18]     |   14.380|
io_dip[2]      |io_led[19]     |   14.793|
io_dip[2]      |io_led[20]     |   14.377|
io_dip[2]      |io_led[21]     |   14.560|
io_dip[2]      |io_led[22]     |   14.560|
io_dip[2]      |io_led[23]     |   15.246|
io_dip[3]      |io_led[0]      |   19.399|
io_dip[3]      |io_led[1]      |   19.200|
io_dip[3]      |io_led[2]      |   19.079|
io_dip[3]      |io_led[3]      |   19.126|
io_dip[3]      |io_led[4]      |   19.581|
io_dip[3]      |io_led[5]      |   19.018|
io_dip[3]      |io_led[6]      |   21.013|
io_dip[3]      |io_led[7]      |   19.352|
io_dip[3]      |io_led[8]      |   19.523|
io_dip[3]      |io_led[9]      |   19.806|
io_dip[3]      |io_led[10]     |   19.305|
io_dip[3]      |io_led[11]     |   19.474|
io_dip[3]      |io_led[12]     |   19.460|
io_dip[3]      |io_led[13]     |   19.611|
io_dip[3]      |io_led[14]     |   19.282|
io_dip[3]      |io_led[15]     |   19.120|
io_dip[3]      |io_led[16]     |   15.186|
io_dip[3]      |io_led[17]     |   15.411|
io_dip[3]      |io_led[18]     |   15.432|
io_dip[3]      |io_led[19]     |   15.845|
io_dip[3]      |io_led[20]     |   15.429|
io_dip[3]      |io_led[21]     |   15.612|
io_dip[3]      |io_led[22]     |   15.612|
io_dip[3]      |io_led[23]     |   16.298|
io_dip[4]      |io_led[0]      |   17.889|
io_dip[4]      |io_led[1]      |   17.690|
io_dip[4]      |io_led[2]      |   17.569|
io_dip[4]      |io_led[3]      |   17.616|
io_dip[4]      |io_led[4]      |   18.071|
io_dip[4]      |io_led[5]      |   17.508|
io_dip[4]      |io_led[6]      |   19.503|
io_dip[4]      |io_led[7]      |   17.842|
io_dip[4]      |io_led[8]      |   18.013|
io_dip[4]      |io_led[9]      |   18.296|
io_dip[4]      |io_led[10]     |   17.795|
io_dip[4]      |io_led[11]     |   17.964|
io_dip[4]      |io_led[12]     |   17.950|
io_dip[4]      |io_led[13]     |   18.101|
io_dip[4]      |io_led[14]     |   17.772|
io_dip[4]      |io_led[15]     |   17.610|
io_dip[4]      |io_led[16]     |   14.838|
io_dip[4]      |io_led[17]     |   15.063|
io_dip[4]      |io_led[18]     |   15.084|
io_dip[4]      |io_led[19]     |   15.497|
io_dip[4]      |io_led[20]     |   15.081|
io_dip[4]      |io_led[21]     |   15.264|
io_dip[4]      |io_led[22]     |   15.264|
io_dip[4]      |io_led[23]     |   15.950|
io_dip[5]      |io_led[0]      |   18.815|
io_dip[5]      |io_led[1]      |   18.616|
io_dip[5]      |io_led[2]      |   18.495|
io_dip[5]      |io_led[3]      |   18.542|
io_dip[5]      |io_led[4]      |   18.997|
io_dip[5]      |io_led[5]      |   18.434|
io_dip[5]      |io_led[6]      |   20.429|
io_dip[5]      |io_led[7]      |   18.768|
io_dip[5]      |io_led[8]      |   18.939|
io_dip[5]      |io_led[9]      |   19.222|
io_dip[5]      |io_led[10]     |   18.721|
io_dip[5]      |io_led[11]     |   18.890|
io_dip[5]      |io_led[12]     |   18.876|
io_dip[5]      |io_led[13]     |   19.027|
io_dip[5]      |io_led[14]     |   18.698|
io_dip[5]      |io_led[15]     |   18.536|
io_dip[5]      |io_led[16]     |   14.368|
io_dip[5]      |io_led[17]     |   14.593|
io_dip[5]      |io_led[18]     |   14.614|
io_dip[5]      |io_led[19]     |   15.027|
io_dip[5]      |io_led[20]     |   14.611|
io_dip[5]      |io_led[21]     |   14.794|
io_dip[5]      |io_led[22]     |   14.794|
io_dip[5]      |io_led[23]     |   15.480|
io_dip[6]      |io_led[0]      |   18.151|
io_dip[6]      |io_led[1]      |   17.952|
io_dip[6]      |io_led[2]      |   17.831|
io_dip[6]      |io_led[3]      |   17.878|
io_dip[6]      |io_led[4]      |   18.333|
io_dip[6]      |io_led[5]      |   17.770|
io_dip[6]      |io_led[6]      |   19.765|
io_dip[6]      |io_led[7]      |   18.104|
io_dip[6]      |io_led[8]      |   18.275|
io_dip[6]      |io_led[9]      |   18.558|
io_dip[6]      |io_led[10]     |   18.057|
io_dip[6]      |io_led[11]     |   18.226|
io_dip[6]      |io_led[12]     |   18.212|
io_dip[6]      |io_led[13]     |   18.363|
io_dip[6]      |io_led[14]     |   18.034|
io_dip[6]      |io_led[15]     |   17.872|
io_dip[6]      |io_led[16]     |   14.329|
io_dip[6]      |io_led[17]     |   14.554|
io_dip[6]      |io_led[18]     |   14.575|
io_dip[6]      |io_led[19]     |   14.988|
io_dip[6]      |io_led[20]     |   14.572|
io_dip[6]      |io_led[21]     |   14.755|
io_dip[6]      |io_led[22]     |   14.755|
io_dip[6]      |io_led[23]     |   15.441|
io_dip[7]      |io_led[0]      |   18.024|
io_dip[7]      |io_led[1]      |   17.825|
io_dip[7]      |io_led[2]      |   17.704|
io_dip[7]      |io_led[3]      |   17.751|
io_dip[7]      |io_led[4]      |   18.206|
io_dip[7]      |io_led[5]      |   17.643|
io_dip[7]      |io_led[6]      |   19.638|
io_dip[7]      |io_led[7]      |   17.977|
io_dip[7]      |io_led[8]      |   18.148|
io_dip[7]      |io_led[9]      |   18.431|
io_dip[7]      |io_led[10]     |   17.930|
io_dip[7]      |io_led[11]     |   18.099|
io_dip[7]      |io_led[12]     |   18.085|
io_dip[7]      |io_led[13]     |   18.236|
io_dip[7]      |io_led[14]     |   17.907|
io_dip[7]      |io_led[15]     |   17.745|
io_dip[7]      |io_led[16]     |   14.187|
io_dip[7]      |io_led[17]     |   14.412|
io_dip[7]      |io_led[18]     |   14.433|
io_dip[7]      |io_led[19]     |   14.846|
io_dip[7]      |io_led[20]     |   14.430|
io_dip[7]      |io_led[21]     |   14.613|
io_dip[7]      |io_led[22]     |   14.613|
io_dip[7]      |io_led[23]     |   15.299|
io_dip[8]      |io_led[0]      |   16.925|
io_dip[8]      |io_led[1]      |   16.726|
io_dip[8]      |io_led[2]      |   16.605|
io_dip[8]      |io_led[3]      |   16.652|
io_dip[8]      |io_led[4]      |   17.107|
io_dip[8]      |io_led[5]      |   16.544|
io_dip[8]      |io_led[6]      |   18.539|
io_dip[8]      |io_led[7]      |   16.878|
io_dip[8]      |io_led[8]      |   17.049|
io_dip[8]      |io_led[9]      |   17.332|
io_dip[8]      |io_led[10]     |   16.831|
io_dip[8]      |io_led[11]     |   17.000|
io_dip[8]      |io_led[12]     |   16.986|
io_dip[8]      |io_led[13]     |   17.137|
io_dip[8]      |io_led[14]     |   16.808|
io_dip[8]      |io_led[15]     |   16.646|
io_dip[8]      |io_led[16]     |   14.589|
io_dip[8]      |io_led[17]     |   14.814|
io_dip[8]      |io_led[18]     |   14.835|
io_dip[8]      |io_led[19]     |   15.248|
io_dip[8]      |io_led[20]     |   14.832|
io_dip[8]      |io_led[21]     |   15.015|
io_dip[8]      |io_led[22]     |   15.015|
io_dip[8]      |io_led[23]     |   15.701|
io_dip[9]      |io_led[0]      |   17.038|
io_dip[9]      |io_led[1]      |   16.839|
io_dip[9]      |io_led[2]      |   16.718|
io_dip[9]      |io_led[3]      |   16.765|
io_dip[9]      |io_led[4]      |   17.220|
io_dip[9]      |io_led[5]      |   16.657|
io_dip[9]      |io_led[6]      |   18.652|
io_dip[9]      |io_led[7]      |   16.991|
io_dip[9]      |io_led[8]      |   17.162|
io_dip[9]      |io_led[9]      |   17.445|
io_dip[9]      |io_led[10]     |   16.944|
io_dip[9]      |io_led[11]     |   17.113|
io_dip[9]      |io_led[12]     |   17.099|
io_dip[9]      |io_led[13]     |   17.250|
io_dip[9]      |io_led[14]     |   16.921|
io_dip[9]      |io_led[15]     |   16.759|
io_dip[9]      |io_led[16]     |   14.749|
io_dip[9]      |io_led[17]     |   14.974|
io_dip[9]      |io_led[18]     |   14.995|
io_dip[9]      |io_led[19]     |   15.408|
io_dip[9]      |io_led[20]     |   14.992|
io_dip[9]      |io_led[21]     |   15.175|
io_dip[9]      |io_led[22]     |   15.175|
io_dip[9]      |io_led[23]     |   15.861|
io_dip[10]     |io_led[0]      |   17.213|
io_dip[10]     |io_led[1]      |   17.014|
io_dip[10]     |io_led[2]      |   16.893|
io_dip[10]     |io_led[3]      |   16.940|
io_dip[10]     |io_led[4]      |   17.395|
io_dip[10]     |io_led[5]      |   16.832|
io_dip[10]     |io_led[6]      |   18.827|
io_dip[10]     |io_led[7]      |   17.166|
io_dip[10]     |io_led[8]      |   17.337|
io_dip[10]     |io_led[9]      |   17.620|
io_dip[10]     |io_led[10]     |   17.119|
io_dip[10]     |io_led[11]     |   17.288|
io_dip[10]     |io_led[12]     |   17.274|
io_dip[10]     |io_led[13]     |   17.425|
io_dip[10]     |io_led[14]     |   17.096|
io_dip[10]     |io_led[15]     |   16.934|
io_dip[10]     |io_led[16]     |   14.112|
io_dip[10]     |io_led[17]     |   14.337|
io_dip[10]     |io_led[18]     |   14.358|
io_dip[10]     |io_led[19]     |   14.771|
io_dip[10]     |io_led[20]     |   14.355|
io_dip[10]     |io_led[21]     |   14.538|
io_dip[10]     |io_led[22]     |   14.538|
io_dip[10]     |io_led[23]     |   15.224|
io_dip[11]     |io_led[0]      |   17.106|
io_dip[11]     |io_led[1]      |   16.907|
io_dip[11]     |io_led[2]      |   16.786|
io_dip[11]     |io_led[3]      |   16.833|
io_dip[11]     |io_led[4]      |   17.288|
io_dip[11]     |io_led[5]      |   16.725|
io_dip[11]     |io_led[6]      |   18.720|
io_dip[11]     |io_led[7]      |   17.059|
io_dip[11]     |io_led[8]      |   17.230|
io_dip[11]     |io_led[9]      |   17.513|
io_dip[11]     |io_led[10]     |   17.012|
io_dip[11]     |io_led[11]     |   17.181|
io_dip[11]     |io_led[12]     |   17.167|
io_dip[11]     |io_led[13]     |   17.318|
io_dip[11]     |io_led[14]     |   16.989|
io_dip[11]     |io_led[15]     |   16.827|
io_dip[11]     |io_led[16]     |   13.881|
io_dip[11]     |io_led[17]     |   14.106|
io_dip[11]     |io_led[18]     |   14.127|
io_dip[11]     |io_led[19]     |   14.540|
io_dip[11]     |io_led[20]     |   14.124|
io_dip[11]     |io_led[21]     |   14.307|
io_dip[11]     |io_led[22]     |   14.307|
io_dip[11]     |io_led[23]     |   14.993|
io_dip[12]     |io_led[0]      |   16.901|
io_dip[12]     |io_led[1]      |   16.702|
io_dip[12]     |io_led[2]      |   16.581|
io_dip[12]     |io_led[3]      |   16.628|
io_dip[12]     |io_led[4]      |   17.083|
io_dip[12]     |io_led[5]      |   16.520|
io_dip[12]     |io_led[6]      |   18.515|
io_dip[12]     |io_led[7]      |   16.854|
io_dip[12]     |io_led[8]      |   17.025|
io_dip[12]     |io_led[9]      |   17.308|
io_dip[12]     |io_led[10]     |   16.807|
io_dip[12]     |io_led[11]     |   16.976|
io_dip[12]     |io_led[12]     |   16.962|
io_dip[12]     |io_led[13]     |   17.113|
io_dip[12]     |io_led[14]     |   16.784|
io_dip[12]     |io_led[15]     |   16.622|
io_dip[12]     |io_led[16]     |   13.185|
io_dip[12]     |io_led[17]     |   13.410|
io_dip[12]     |io_led[18]     |   13.431|
io_dip[12]     |io_led[19]     |   13.844|
io_dip[12]     |io_led[20]     |   13.428|
io_dip[12]     |io_led[21]     |   13.611|
io_dip[12]     |io_led[22]     |   13.611|
io_dip[12]     |io_led[23]     |   14.297|
io_dip[13]     |io_led[0]      |   16.365|
io_dip[13]     |io_led[1]      |   16.166|
io_dip[13]     |io_led[2]      |   16.045|
io_dip[13]     |io_led[3]      |   16.092|
io_dip[13]     |io_led[4]      |   16.547|
io_dip[13]     |io_led[5]      |   15.984|
io_dip[13]     |io_led[6]      |   17.979|
io_dip[13]     |io_led[7]      |   16.318|
io_dip[13]     |io_led[8]      |   16.489|
io_dip[13]     |io_led[9]      |   16.772|
io_dip[13]     |io_led[10]     |   16.271|
io_dip[13]     |io_led[11]     |   16.440|
io_dip[13]     |io_led[12]     |   16.426|
io_dip[13]     |io_led[13]     |   16.577|
io_dip[13]     |io_led[14]     |   16.248|
io_dip[13]     |io_led[15]     |   16.086|
io_dip[13]     |io_led[16]     |   13.150|
io_dip[13]     |io_led[17]     |   13.375|
io_dip[13]     |io_led[18]     |   13.396|
io_dip[13]     |io_led[19]     |   13.809|
io_dip[13]     |io_led[20]     |   13.393|
io_dip[13]     |io_led[21]     |   13.576|
io_dip[13]     |io_led[22]     |   13.576|
io_dip[13]     |io_led[23]     |   14.262|
io_dip[14]     |io_led[0]      |   16.518|
io_dip[14]     |io_led[1]      |   16.319|
io_dip[14]     |io_led[2]      |   16.198|
io_dip[14]     |io_led[3]      |   16.245|
io_dip[14]     |io_led[4]      |   16.700|
io_dip[14]     |io_led[5]      |   16.137|
io_dip[14]     |io_led[6]      |   18.132|
io_dip[14]     |io_led[7]      |   16.471|
io_dip[14]     |io_led[8]      |   16.642|
io_dip[14]     |io_led[9]      |   16.925|
io_dip[14]     |io_led[10]     |   16.424|
io_dip[14]     |io_led[11]     |   16.593|
io_dip[14]     |io_led[12]     |   16.579|
io_dip[14]     |io_led[13]     |   16.730|
io_dip[14]     |io_led[14]     |   16.401|
io_dip[14]     |io_led[15]     |   16.239|
io_dip[14]     |io_led[16]     |   13.208|
io_dip[14]     |io_led[17]     |   13.433|
io_dip[14]     |io_led[18]     |   13.454|
io_dip[14]     |io_led[19]     |   13.867|
io_dip[14]     |io_led[20]     |   13.451|
io_dip[14]     |io_led[21]     |   13.634|
io_dip[14]     |io_led[22]     |   13.634|
io_dip[14]     |io_led[23]     |   14.320|
io_dip[15]     |io_led[0]      |   16.539|
io_dip[15]     |io_led[1]      |   16.340|
io_dip[15]     |io_led[2]      |   16.219|
io_dip[15]     |io_led[3]      |   16.266|
io_dip[15]     |io_led[4]      |   16.721|
io_dip[15]     |io_led[5]      |   16.158|
io_dip[15]     |io_led[6]      |   18.153|
io_dip[15]     |io_led[7]      |   16.492|
io_dip[15]     |io_led[8]      |   16.663|
io_dip[15]     |io_led[9]      |   16.946|
io_dip[15]     |io_led[10]     |   16.445|
io_dip[15]     |io_led[11]     |   16.614|
io_dip[15]     |io_led[12]     |   16.600|
io_dip[15]     |io_led[13]     |   16.751|
io_dip[15]     |io_led[14]     |   16.422|
io_dip[15]     |io_led[15]     |   16.260|
io_dip[15]     |io_led[16]     |   13.059|
io_dip[15]     |io_led[17]     |   13.284|
io_dip[15]     |io_led[18]     |   13.305|
io_dip[15]     |io_led[19]     |   13.718|
io_dip[15]     |io_led[20]     |   13.302|
io_dip[15]     |io_led[21]     |   13.485|
io_dip[15]     |io_led[22]     |   13.485|
io_dip[15]     |io_led[23]     |   14.171|
io_dip[16]     |io_led[0]      |   16.613|
io_dip[16]     |io_led[1]      |   15.295|
io_dip[16]     |io_led[2]      |   14.790|
io_dip[16]     |io_led[3]      |   15.750|
io_dip[16]     |io_led[4]      |   14.941|
io_dip[16]     |io_led[5]      |   15.960|
io_dip[16]     |io_led[6]      |   14.433|
io_dip[16]     |io_led[7]      |   16.056|
io_dip[16]     |io_led[8]      |   13.625|
io_dip[16]     |io_led[9]      |   10.729|
io_dip[16]     |io_led[10]     |   10.303|
io_dip[16]     |io_led[11]     |   10.893|
io_dip[16]     |io_led[12]     |   10.540|
io_dip[16]     |io_led[13]     |   11.276|
io_dip[16]     |io_led[14]     |   13.546|
io_dip[16]     |io_led[15]     |   12.185|
io_dip[16]     |io_led[16]     |   13.206|
io_dip[16]     |io_led[17]     |   13.431|
io_dip[16]     |io_led[18]     |   13.452|
io_dip[16]     |io_led[19]     |   13.865|
io_dip[16]     |io_led[20]     |   13.449|
io_dip[16]     |io_led[21]     |   13.632|
io_dip[16]     |io_led[22]     |   13.632|
io_dip[16]     |io_led[23]     |   14.318|
io_dip[17]     |io_led[0]      |   17.601|
io_dip[17]     |io_led[1]      |   15.169|
io_dip[17]     |io_led[2]      |   15.873|
io_dip[17]     |io_led[3]      |   16.045|
io_dip[17]     |io_led[4]      |   15.763|
io_dip[17]     |io_led[5]      |   15.847|
io_dip[17]     |io_led[6]      |   14.410|
io_dip[17]     |io_led[7]      |   16.445|
io_dip[17]     |io_led[8]      |   13.719|
io_dip[17]     |io_led[9]      |   10.938|
io_dip[17]     |io_led[10]     |   10.511|
io_dip[17]     |io_led[11]     |   10.295|
io_dip[17]     |io_led[12]     |   10.246|
io_dip[17]     |io_led[13]     |   10.706|
io_dip[17]     |io_led[14]     |   12.938|
io_dip[17]     |io_led[15]     |   12.430|
io_dip[17]     |io_led[16]     |   13.316|
io_dip[17]     |io_led[17]     |   13.541|
io_dip[17]     |io_led[18]     |   13.562|
io_dip[17]     |io_led[19]     |   13.975|
io_dip[17]     |io_led[20]     |   13.559|
io_dip[17]     |io_led[21]     |   13.742|
io_dip[17]     |io_led[22]     |   13.742|
io_dip[17]     |io_led[23]     |   14.428|
io_dip[18]     |io_led[0]      |   13.909|
io_dip[18]     |io_led[1]      |   13.639|
io_dip[18]     |io_led[2]      |   13.211|
io_dip[18]     |io_led[3]      |   14.297|
io_dip[18]     |io_led[4]      |   13.482|
io_dip[18]     |io_led[5]      |   13.743|
io_dip[18]     |io_led[6]      |   14.128|
io_dip[18]     |io_led[7]      |   14.016|
io_dip[22]     |io_led[0]      |   17.574|
io_dip[22]     |io_led[1]      |   16.990|
io_dip[22]     |io_led[2]      |   17.694|
io_dip[22]     |io_led[3]      |   17.831|
io_dip[22]     |io_led[4]      |   17.579|
io_dip[22]     |io_led[5]      |   16.481|
io_dip[22]     |io_led[6]      |   15.750|
io_dip[22]     |io_led[7]      |   18.053|
io_dip[22]     |io_led[8]      |   15.304|
io_dip[22]     |io_led[9]      |   12.863|
io_dip[22]     |io_led[10]     |   12.197|
io_dip[22]     |io_led[11]     |   11.889|
io_dip[22]     |io_led[12]     |   11.592|
io_dip[22]     |io_led[13]     |   12.002|
io_dip[22]     |io_led[14]     |   14.615|
io_dip[22]     |io_led[15]     |   13.844|
io_dip[22]     |io_led[16]     |   14.827|
io_dip[22]     |io_led[17]     |   15.052|
io_dip[22]     |io_led[18]     |   15.073|
io_dip[22]     |io_led[19]     |   15.486|
io_dip[22]     |io_led[20]     |   15.070|
io_dip[22]     |io_led[21]     |   15.253|
io_dip[22]     |io_led[22]     |   15.253|
io_dip[22]     |io_led[23]     |   15.939|
io_dip[23]     |io_led[0]      |   17.410|
io_dip[23]     |io_led[1]      |   16.826|
io_dip[23]     |io_led[2]      |   17.530|
io_dip[23]     |io_led[3]      |   17.667|
io_dip[23]     |io_led[4]      |   17.415|
io_dip[23]     |io_led[5]      |   16.479|
io_dip[23]     |io_led[6]      |   15.650|
io_dip[23]     |io_led[7]      |   17.889|
io_dip[23]     |io_led[8]      |   15.302|
io_dip[23]     |io_led[9]      |   13.388|
io_dip[23]     |io_led[10]     |   13.197|
io_dip[23]     |io_led[11]     |   12.844|
io_dip[23]     |io_led[12]     |   13.018|
io_dip[23]     |io_led[13]     |   13.663|
io_dip[23]     |io_led[14]     |   13.471|
io_dip[23]     |io_led[15]     |   12.615|
io_dip[23]     |io_led[16]     |   14.908|
io_dip[23]     |io_led[17]     |   15.133|
io_dip[23]     |io_led[18]     |   15.154|
io_dip[23]     |io_led[19]     |   15.567|
io_dip[23]     |io_led[20]     |   15.151|
io_dip[23]     |io_led[21]     |   15.334|
io_dip[23]     |io_led[22]     |   15.334|
io_dip[23]     |io_led[23]     |   16.020|
---------------+---------------+---------+


Analysis completed Thu Oct 20 22:34:09 2016 
--------------------------------------------------------------------------------

Trace Settings:
-------------------------
Trace Settings 

Peak Memory Usage: 223 MB



